Just a normal message
Just a normal message
Just a normal message
ERROR!
ERROR!
ERROR!
